
> saad-portfolio@1.0.0 build
> next build

  Ôû▓ Next.js 14.2.33
  - Environments: .env.local

   Creating an optimized production build ...
 Ô£ô Compiled successfully
   Linting and checking validity of types ...
node.exe : Failed to compile.
Au caractère Ligne:1 : 1
+ & "C:\Program Files\nodejs/node.exe" "C:\Program 
Files\nodejs/node_mo ...
+ ~~~~~~~~~~~~~~~~~~~~~~~~~~~~~~~~~~~~~~~~~~~~~~~~~~~~
~~~~~~~~~~~~~~~~~
    + CategoryInfo          : NotSpecified: (Failed t 
   o compile.:String) [], RemoteException
    + FullyQualifiedErrorId : NativeCommandError
 

./components/LanguageSelector.tsx:22:38
Type error: Type 'string' is not assignable to type 
'"en" | "fr" | "ar" | "de" | undefined'.

[0m [90m 20 |[39m   [36mconst[39m 
handleLanguageChange [33m=[39m 
(newLocale[33m:[39m string) [33m=>[39m {[0m
[0m [90m 21 |[39m     [36mconst[39m 
pathWithoutLocale [33m=[39m pathname[33m.[39mrepla
ce([32m`/${locale}`[39m[33m,[39m [32m''[39m) 
[33m||[39m [32m'/'[39m[33m;[39m[0m
[0m[31m[1m>[22m[39m[90m 22 |[39m     
router[33m.[39mpush(pathWithoutLocale[33m,[39m { 
locale[33m:[39m newLocale })[33m;[39m[0m
[0m [90m    |[39m                                  
    [31m[1m^[22m[39m[0m
[0m [90m 23 |[39m   }[33m;[39m[0m
[0m [90m 24 |[39m[0m
[0m [90m 25 |[39m   [36mconst[39m currentIndex 
[33m=[39m languages[33m.[39mfindIndex((l) 
[33m=>[39m l[33m.[39mcode [33m===[39m 
locale)[33m;[39m[0m
Next.js build worker exited with code: 1 and signal: 
null
